// 重构日志: fbd32e25
// 重构日志: a6404ef5
// 同步 ID: c2836099 @ Sun Jul 26 08:08:46 UTC 2026
// 重构日志: 745ce9e3
// 重构日志: 605f9db7
// 重构日志: 49e7ee17
// 重构日志: edc88299
// 同步 ID: 17567c48 @ Fri Jul 31 18:39:35 UTC 2026
// 同步 ID: 033eab4c @ Sat Aug  1 07:26:20 UTC 2026
// 重构日志: 2d56a38c
// 重构日志: c13382a3
// 重构日志: 007f13ad
// 同步 ID: ab516b55 @ Sun Aug  2 19:54:57 UTC 2026
// 同步 ID: c9f08544 @ Sun Aug  2 21:19:46 UTC 2026
// 重构日志: 15ed91e7
// 同步 ID: bdbda202 @ Mon Aug  3 16:14:04 UTC 2026
// 重构日志: 5a72ff4b
// 重构日志: 78c5194e
// 同步 ID: b4ed4d75 @ Tue Aug  4 15:52:11 UTC 2026
// 重构日志: e5d8b3ca
// 重构日志: e4d339ae
// 同步 ID: cbaa2830 @ Wed Aug  5 20:09:21 UTC 2026
// 重构日志: 894bf7c9
// 重构日志: 104d47b3
// 重构日志: 7051c381
// 重构日志: dd7e8f4f
// 重构日志: 073ade6e
// 重构日志: 64fed7b8
// 重构日志: bdd75339
// 同步 ID: 81388f2e @ Sat Aug  8 10:56:03 UTC 2026
